
> medad-cash@0.1.0 dev:web
> npm run dev -w apps/web


> @medad/web@0.1.0 dev
> vite --port 5173 --strictPort --host 127.0.0.1


  [32m[1mVITE[22m v5.4.21[39m  [2mready in [0m[1m623[22m[2m[0m ms[22m

  [32m➜[39m  [1mLocal[22m:   [36mhttp://127.0.0.1:[1m5173[22m/[39m
[2m[32m  ➜[39m[22m[2m  press [22m[1mh + enter[22m[2m to show help[22m

> medad-cash@0.1.0 dev:web
> npm run dev -w apps/web


> @medad/web@0.1.0 dev
> vite --port 5173 --strictPort --host 127.0.0.1


  [32m[1mVITE[22m v5.4.21[39m  [2mready in [0m[1m608[22m[2m[0m ms[22m

  [32m➜[39m  [1mLocal[22m:   [36mhttp://127.0.0.1:[1m5173[22m/[39m
[2m[32m  ➜[39m[22m[2m  press [22m[1mh + enter[22m[2m to show help[22m

> medad-cash@0.1.0 dev:web
> npm run dev -w apps/web


> @medad/web@0.1.0 dev
> vite --port 5173 --strictPort --host 127.0.0.1


  [32m[1mVITE[22m v5.4.21[39m  [2mready in [0m[1m707[22m[2m[0m ms[22m

  [32m➜[39m  [1mLocal[22m:   [36mhttp://127.0.0.1:[1m5173[22m/[39m
[2m[32m  ➜[39m[22m[2m  press [22m[1mh + enter[22m[2m to show help[22m

> medad-cash@0.1.0 dev:web
> npm run dev -w apps/web


> @medad/web@0.1.0 dev
> vite --port 5173 --strictPort --host 127.0.0.1


  [32m[1mVITE[22m v5.4.21[39m  [2mready in [0m[1m479[22m[2m[0m ms[22m

  [32m➜[39m  [1mLocal[22m:   [36mhttp://127.0.0.1:[1m5173[22m/[39m
[2m[32m  ➜[39m[22m[2m  press [22m[1mh + enter[22m[2m to show help[22m
[2m5:04:35 PM[22m [36m[1m[vite][22m[39m [32mhmr update [39m[2m/src/main.tsx[22m
[2m5:04:35 PM[22m [36m[1m[vite][22m[39m [33mhmr invalidate [39m[2m/src/main.tsx[22m Could not Fast Refresh ("true" export is incompatible). Learn more at https://github.com/vitejs/vite-plugin-react/tree/main/packages/plugin-react#consistent-components-exports
[2m5:04:35 PM[22m [36m[1m[vite][22m[39m [32mpage reload [39m[2msrc/main.tsx[22m
[2m5:18:55 PM[22m [36m[1m[vite][22m[39m [32mhmr update [39m[2m/src/auth.tsx[22m
[2m5:18:55 PM[22m [36m[1m[vite][22m[39m [33mhmr invalidate [39m[2m/src/auth.tsx[22m Could not Fast Refresh ("useAuth" export is incompatible). Learn more at https://github.com/vitejs/vite-plugin-react/tree/main/packages/plugin-react#consistent-components-exports
[2m5:18:55 PM[22m [36m[1m[vite][22m[39m [32mhmr update [39m[2m/src/main.tsx, /src/Shell.tsx, /src/pages/Settings.tsx, /src/pages/Pos.tsx[22m
[2m5:18:55 PM[22m [36m[1m[vite][22m[39m [33mhmr invalidate [39m[2m/src/main.tsx[22m Could not Fast Refresh ("true" export is incompatible). Learn more at https://github.com/vitejs/vite-plugin-react/tree/main/packages/plugin-react#consistent-components-exports
[2m5:18:55 PM[22m [36m[1m[vite][22m[39m [32mpage reload [39m[2msrc/main.tsx[22m
[2m5:20:13 PM[22m [36m[1m[vite][22m[39m [32mhmr update [39m[2m/src/theme.css[22m
[2m5:27:18 PM[22m [36m[1m[vite][22m[39m [32mhmr update [39m[2m/src/theme.css[22m
[2m5:27:19 PM[22m [36m[1m[vite][22m[39m [32mhmr update [39m[2m/src/theme.css[22m
[2m5:29:08 PM[22m [36m[1m[vite][22m[39m [32mhmr update [39m[2m/src/theme.css[22m
[2m5:29:09 PM[22m [36m[1m[vite][22m[39m [32mhmr update [39m[2m/src/theme.css[22m
[2m5:29:12 PM[22m [36m[1m[vite][22m[39m [32mhmr update [39m[2m/src/theme.css[22m
[2m5:30:51 PM[22m [36m[1m[vite][22m[39m [32mhmr update [39m[2m/src/auth.tsx[22m
[2m5:30:51 PM[22m [36m[1m[vite][22m[39m [33mhmr invalidate [39m[2m/src/auth.tsx[22m Could not Fast Refresh ("useAuth" export is incompatible). Learn more at https://github.com/vitejs/vite-plugin-react/tree/main/packages/plugin-react#consistent-components-exports
[2m5:30:51 PM[22m [36m[1m[vite][22m[39m [32mhmr update [39m[2m/src/main.tsx, /src/Shell.tsx, /src/pages/Settings.tsx, /src/pages/Pos.tsx[22m
[2m5:30:52 PM[22m [36m[1m[vite][22m[39m [33mhmr invalidate [39m[2m/src/main.tsx[22m Could not Fast Refresh ("true" export is incompatible). Learn more at https://github.com/vitejs/vite-plugin-react/tree/main/packages/plugin-react#consistent-components-exports
[2m5:30:52 PM[22m [36m[1m[vite][22m[39m [32mpage reload [39m[2msrc/main.tsx[22m
[2m5:31:13 PM[22m [36m[1m[vite][22m[39m [32mhmr update [39m[2m/src/auth.tsx[22m
[2m5:31:14 PM[22m [36m[1m[vite][22m[39m [33mhmr invalidate [39m[2m/src/auth.tsx[22m Could not Fast Refresh ("useAuth" export is incompatible). Learn more at https://github.com/vitejs/vite-plugin-react/tree/main/packages/plugin-react#consistent-components-exports
[2m5:31:14 PM[22m [36m[1m[vite][22m[39m [32mhmr update [39m[2m/src/main.tsx, /src/Shell.tsx, /src/pages/Settings.tsx, /src/pages/Pos.tsx[22m
[2m5:31:14 PM[22m [36m[1m[vite][22m[39m [33mhmr invalidate [39m[2m/src/main.tsx[22m Could not Fast Refresh ("true" export is incompatible). Learn more at https://github.com/vitejs/vite-plugin-react/tree/main/packages/plugin-react#consistent-components-exports
[2m5:31:14 PM[22m [36m[1m[vite][22m[39m [32mpage reload [39m[2msrc/main.tsx[22m
[2m6:15:18 PM[22m [31m[1m[vite][22m[39m [31mhttp proxy error: /api/audit?page=1&pageSize=25[39m
AggregateError [ECONNREFUSED]: 
    at internalConnectMultiple (node:net:1135:18)
    at afterConnectMultiple (node:net:1716:7)
[2m6:15:18 PM[22m [31m[1m[vite][22m[39m [31mhttp proxy error: /api/audit?page=1&pageSize=25[39m
AggregateError [ECONNREFUSED]: 
    at internalConnectMultiple (node:net:1135:18)
    at afterConnectMultiple (node:net:1716:7)
[2m6:20:12 PM[22m [36m[1m[vite][22m[39m [32mhmr update [39m[2m/src/theme.css[22m
[2m6:20:28 PM[22m [36m[1m[vite][22m[39m [32mhmr update [39m[2m/src/theme.css[22m
[2m6:20:36 PM[22m [36m[1m[vite][22m[39m [32mhmr update [39m[2m/src/theme.css[22m
[2m6:22:25 PM[22m [36m[1m[vite][22m[39m [32mhmr update [39m[2m/src/theme.css[22m
[2m6:22:38 PM[22m [36m[1m[vite][22m[39m [32mhmr update [39m[2m/src/pages/Labels.tsx[22m
[2m6:23:52 PM[22m [36m[1m[vite][22m[39m [32mhmr update [39m[2m/src/theme.css[22m
[2m6:25:02 PM[22m [36m[1m[vite][22m[39m [32mhmr update [39m[2m/src/theme.css[22m
[2m6:25:07 PM[22m [36m[1m[vite][22m[39m [32mhmr update [39m[2m/src/pages/Labels.tsx[22m
[2m6:25:20 PM[22m [36m[1m[vite][22m[39m [32mhmr update [39m[2m/src/theme.css[22m
[2m6:25:55 PM[22m [36m[1m[vite][22m[39m [32mhmr update [39m[2m/src/theme.css[22m
[2m6:26:26 PM[22m [36m[1m[vite][22m[39m [32mhmr update [39m[2m/src/theme.css[22m
[2m6:26:38 PM[22m [36m[1m[vite][22m[39m [32mhmr update [39m[2m/src/theme.css[22m
[2m6:27:34 PM[22m [36m[1m[vite][22m[39m [32mhmr update [39m[2m/src/theme.css[22m
[2m6:27:58 PM[22m [36m[1m[vite][22m[39m [32mhmr update [39m[2m/src/theme.css[22m
[2m6:35:08 PM[22m [36m[1m[vite][22m[39m [32mhmr update [39m[2m/src/auth.tsx, /src/pages/Tasks.tsx, /src/pages/Transfers.tsx, /src/pages/Dashboard.tsx, /src/pages/Inventory.tsx, /src/pages/Labels.tsx, /src/pages/Sync.tsx, /src/pages/Parties.tsx, /src/pages/Settings.tsx, /src/pages/Counts.tsx, /src/pages/Purchases.tsx, /src/pages/Pos.tsx, /src/pages/Ledger.tsx, /src/ui.tsx[22m
[2m6:35:09 PM[22m [36m[1m[vite][22m[39m [33mhmr invalidate [39m[2m/src/auth.tsx[22m Could not Fast Refresh ("useAuth" export is incompatible). Learn more at https://github.com/vitejs/vite-plugin-react/tree/main/packages/plugin-react#consistent-components-exports
[2m6:35:09 PM[22m [36m[1m[vite][22m[39m [32mhmr update [39m[2m/src/main.tsx, /src/Shell.tsx, /src/pages/Settings.tsx, /src/pages/Pos.tsx[22m
[2m6:35:09 PM[22m [36m[1m[vite][22m[39m [33mhmr invalidate [39m[2m/src/ui.tsx[22m Could not Fast Refresh ("useLiveClock" export is incompatible). Learn more at https://github.com/vitejs/vite-plugin-react/tree/main/packages/plugin-react#consistent-components-exports
[2m6:35:09 PM[22m [36m[1m[vite][22m[39m [32mhmr update [39m[2m/src/pages/Tasks.tsx, /src/pages/Transfers.tsx, /src/pages/Dashboard.tsx, /src/pages/Inventory.tsx, /src/Shell.tsx, /src/pages/Labels.tsx, /src/pages/Sync.tsx, /src/pages/Parties.tsx, /src/pages/Settings.tsx, /src/pages/Counts.tsx, /src/pages/Purchases.tsx, /src/pages/Pos.tsx, /src/pages/Ledger.tsx[22m
[2m6:35:10 PM[22m [36m[1m[vite][22m[39m [33mhmr invalidate [39m[2m/src/main.tsx[22m Could not Fast Refresh ("true" export is incompatible). Learn more at https://github.com/vitejs/vite-plugin-react/tree/main/packages/plugin-react#consistent-components-exports
[2m6:35:10 PM[22m [36m[1m[vite][22m[39m [32mpage reload [39m[2msrc/main.tsx[22m
[2m6:35:24 PM[22m [36m[1m[vite][22m[39m [32mhmr update [39m[2m/src/auth.tsx, /src/pages/Tasks.tsx, /src/pages/Transfers.tsx, /src/pages/Dashboard.tsx, /src/pages/Inventory.tsx, /src/pages/Labels.tsx, /src/pages/Sync.tsx, /src/pages/Parties.tsx, /src/pages/Settings.tsx, /src/pages/Counts.tsx, /src/pages/Purchases.tsx, /src/pages/Pos.tsx, /src/pages/Ledger.tsx, /src/ui.tsx[22m
[2m6:35:24 PM[22m [36m[1m[vite][22m[39m [33mhmr invalidate [39m[2m/src/auth.tsx[22m Could not Fast Refresh ("useAuth" export is incompatible). Learn more at https://github.com/vitejs/vite-plugin-react/tree/main/packages/plugin-react#consistent-components-exports
[2m6:35:24 PM[22m [36m[1m[vite][22m[39m [32mhmr update [39m[2m/src/main.tsx, /src/Shell.tsx, /src/pages/Settings.tsx, /src/pages/Pos.tsx[22m
[2m6:35:24 PM[22m [36m[1m[vite][22m[39m [33mhmr invalidate [39m[2m/src/ui.tsx[22m Could not Fast Refresh ("useLiveClock" export is incompatible). Learn more at https://github.com/vitejs/vite-plugin-react/tree/main/packages/plugin-react#consistent-components-exports
[2m6:35:24 PM[22m [36m[1m[vite][22m[39m [32mhmr update [39m[2m/src/pages/Tasks.tsx, /src/pages/Transfers.tsx, /src/pages/Dashboard.tsx, /src/pages/Inventory.tsx, /src/Shell.tsx, /src/pages/Labels.tsx, /src/pages/Sync.tsx, /src/pages/Parties.tsx, /src/pages/Settings.tsx, /src/pages/Counts.tsx, /src/pages/Purchases.tsx, /src/pages/Pos.tsx, /src/pages/Ledger.tsx[22m
[2m6:35:26 PM[22m [36m[1m[vite][22m[39m [33mhmr invalidate [39m[2m/src/main.tsx[22m Could not Fast Refresh ("true" export is incompatible). Learn more at https://github.com/vitejs/vite-plugin-react/tree/main/packages/plugin-react#consistent-components-exports
[2m6:35:26 PM[22m [36m[1m[vite][22m[39m [32mpage reload [39m[2msrc/main.tsx[22m
[2m6:35:31 PM[22m [36m[1m[vite][22m[39m [32mhmr update [39m[2m/src/pages/Labels.tsx[22m
[2m6:35:37 PM[22m [36m[1m[vite][22m[39m [32mhmr update [39m[2m/src/auth.tsx, /src/pages/Tasks.tsx, /src/pages/Transfers.tsx, /src/pages/Dashboard.tsx, /src/pages/Inventory.tsx, /src/pages/Labels.tsx, /src/pages/Sync.tsx, /src/pages/Parties.tsx, /src/pages/Settings.tsx, /src/pages/Counts.tsx, /src/pages/Purchases.tsx, /src/pages/Pos.tsx, /src/pages/Ledger.tsx, /src/ui.tsx[22m
[2m6:35:37 PM[22m [36m[1m[vite][22m[39m [33mhmr invalidate [39m[2m/src/auth.tsx[22m Could not Fast Refresh ("useAuth" export is incompatible). Learn more at https://github.com/vitejs/vite-plugin-react/tree/main/packages/plugin-react#consistent-components-exports
[2m6:35:37 PM[22m [36m[1m[vite][22m[39m [32mhmr update [39m[2m/src/main.tsx, /src/Shell.tsx, /src/pages/Settings.tsx, /src/pages/Pos.tsx[22m
[2m6:35:37 PM[22m [36m[1m[vite][22m[39m [33mhmr invalidate [39m[2m/src/ui.tsx[22m Could not Fast Refresh ("useLiveClock" export is incompatible). Learn more at https://github.com/vitejs/vite-plugin-react/tree/main/packages/plugin-react#consistent-components-exports
[2m6:35:37 PM[22m [36m[1m[vite][22m[39m [32mhmr update [39m[2m/src/pages/Tasks.tsx, /src/pages/Transfers.tsx, /src/pages/Dashboard.tsx, /src/pages/Inventory.tsx, /src/Shell.tsx, /src/pages/Labels.tsx, /src/pages/Sync.tsx, /src/pages/Parties.tsx, /src/pages/Settings.tsx, /src/pages/Counts.tsx, /src/pages/Purchases.tsx, /src/pages/Pos.tsx, /src/pages/Ledger.tsx[22m
[2m6:35:37 PM[22m [36m[1m[vite][22m[39m [33mhmr invalidate [39m[2m/src/main.tsx[22m Could not Fast Refresh ("true" export is incompatible). Learn more at https://github.com/vitejs/vite-plugin-react/tree/main/packages/plugin-react#consistent-components-exports
[2m6:35:37 PM[22m [36m[1m[vite][22m[39m [32mpage reload [39m[2msrc/main.tsx[22m
[2m6:35:42 PM[22m [36m[1m[vite][22m[39m [32mhmr update [39m[2m/src/pages/Labels.tsx[22m
[2m6:36:13 PM[22m [36m[1m[vite][22m[39m [32mhmr update [39m[2m/src/theme.css[22m
[2m6:36:48 PM[22m [36m[1m[vite][22m[39m [32mhmr update [39m[2m/src/theme.css[22m
[2m6:37:04 PM[22m [36m[1m[vite][22m[39m [32mhmr update [39m[2m/src/main.tsx[22m
[2m6:37:05 PM[22m [36m[1m[vite][22m[39m [33mhmr invalidate [39m[2m/src/main.tsx[22m Could not Fast Refresh ("true" export is incompatible). Learn more at https://github.com/vitejs/vite-plugin-react/tree/main/packages/plugin-react#consistent-components-exports
[2m6:37:05 PM[22m [36m[1m[vite][22m[39m [32mpage reload [39m[2msrc/main.tsx[22m
[2m6:37:10 PM[22m [36m[1m[vite][22m[39m [32mhmr update [39m[2m/src/main.tsx[22m
[2m6:37:10 PM[22m [36m[1m[vite][22m[39m [33mhmr invalidate [39m[2m/src/main.tsx[22m Could not Fast Refresh ("true" export is incompatible). Learn more at https://github.com/vitejs/vite-plugin-react/tree/main/packages/plugin-react#consistent-components-exports
[2m6:37:10 PM[22m [36m[1m[vite][22m[39m [32mpage reload [39m[2msrc/main.tsx[22m
[2m6:37:14 PM[22m [36m[1m[vite][22m[39m [32mhmr update [39m[2m/src/main.tsx[22m
[2m6:37:14 PM[22m [36m[1m[vite][22m[39m [33mhmr invalidate [39m[2m/src/main.tsx[22m Could not Fast Refresh ("true" export is incompatible). Learn more at https://github.com/vitejs/vite-plugin-react/tree/main/packages/plugin-react#consistent-components-exports
[2m6:37:14 PM[22m [36m[1m[vite][22m[39m [32mpage reload [39m[2msrc/main.tsx[22m
[2m6:37:29 PM[22m [36m[1m[vite][22m[39m [32mhmr update [39m[2m/src/Shell.tsx[22m
[2m6:37:33 PM[22m [36m[1m[vite][22m[39m [32mhmr update [39m[2m/src/Shell.tsx[22m
[2m6:37:38 PM[22m [36m[1m[vite][22m[39m [32mhmr update [39m[2m/src/Shell.tsx[22m
[2m6:38:47 PM[22m [36m[1m[vite][22m[39m [32mhmr update [39m[2m/src/Loader.tsx[22m
[2m6:38:50 PM[22m [36m[1m[vite][22m[39m [32mhmr update [39m[2m/src/Loader.tsx[22m
[2m6:39:05 PM[22m [36m[1m[vite][22m[39m [32mhmr update [39m[2m/src/pages/Dashboard.tsx[22m
[2m6:39:10 PM[22m [36m[1m[vite][22m[39m [32mhmr update [39m[2m/src/pages/Dashboard.tsx[22m
[2m6:39:15 PM[22m [36m[1m[vite][22m[39m [32mhmr update [39m[2m/src/pages/Ledger.tsx[22m
[2m6:39:21 PM[22m [36m[1m[vite][22m[39m [32mhmr update [39m[2m/src/pages/Ledger.tsx[22m
[2m6:39:24 PM[22m [36m[1m[vite][22m[39m [32mhmr update [39m[2m/src/pages/Inventory.tsx[22m
[2m6:39:28 PM[22m [36m[1m[vite][22m[39m [32mhmr update [39m[2m/src/pages/Inventory.tsx[22m

> medad-cash@0.1.0 dev:web
> npm run dev -w apps/web


> @medad/web@0.1.0 dev
> vite --port 5173 --strictPort --host 127.0.0.1


  [32m[1mVITE[22m v5.4.21[39m  [2mready in [0m[1m689[22m[2m[0m ms[22m

  [32m➜[39m  [1mLocal[22m:   [36mhttp://127.0.0.1:[1m5173[22m/[39m
[2m[32m  ➜[39m[22m[2m  press [22m[1mh + enter[22m[2m to show help[22m
[2m10:33:13 PM[22m [31m[1m[vite][22m[39m [31mhttp proxy error: /api/auth/login[39m
AggregateError [ECONNREFUSED]: 
    at internalConnectMultiple (node:net:1135:18)
    at afterConnectMultiple (node:net:1716:7)
[2m10:33:20 PM[22m [31m[1m[vite][22m[39m [31mhttp proxy error: /api/auth/login[39m
AggregateError [ECONNREFUSED]: 
    at internalConnectMultiple (node:net:1135:18)
    at afterConnectMultiple (node:net:1716:7)
[2m10:43:54 PM[22m [36m[1m[vite][22m[39m [32mhmr update [39m[2m/src/theme.css[22m
[2m10:44:46 PM[22m [36m[1m[vite][22m[39m [32mhmr update [39m[2m/src/theme.css[22m
[2m10:44:54 PM[22m [36m[1m[vite][22m[39m [32mhmr update [39m[2m/src/theme.css[22m
[2m10:45:01 PM[22m [36m[1m[vite][22m[39m [32mhmr update [39m[2m/src/theme.css[22m
[2m10:45:12 PM[22m [36m[1m[vite][22m[39m [32mhmr update [39m[2m/src/theme.css[22m
[2m10:45:19 PM[22m [36m[1m[vite][22m[39m [32mhmr update [39m[2m/src/theme.css[22m
[2m10:45:31 PM[22m [36m[1m[vite][22m[39m [32mhmr update [39m[2m/src/theme.css[22m
[2m10:45:40 PM[22m [36m[1m[vite][22m[39m [32mhmr update [39m[2m/src/theme.css[22m
[2m10:46:36 PM[22m [36m[1m[vite][22m[39m [32mhmr update [39m[2m/src/theme.css[22m
[2m10:47:57 PM[22m [36m[1m[vite][22m[39m [32mpage reload [39m[2mindex.html[22m
[2m10:47:59 PM[22m [36m[1m[vite][22m[39m [32mhmr update [39m[2m/src/Shell.tsx[22m
[2m10:49:09 PM[22m [36m[1m[vite][22m[39m [32mhmr update [39m[2m/src/Shell.tsx[22m
[2m10:49:17 PM[22m [36m[1m[vite][22m[39m [32mhmr update [39m[2m/src/Shell.tsx[22m

> medad-cash@0.1.0 dev:web
> npm run dev -w apps/web


> @medad/web@0.1.0 dev
> vite --port 5173 --strictPort --host 127.0.0.1


  [32m[1mVITE[22m v5.4.21[39m  [2mready in [0m[1m508[22m[2m[0m ms[22m

  [32m➜[39m  [1mLocal[22m:   [36mhttp://127.0.0.1:[1m5173[22m/[39m
[2m[32m  ➜[39m[22m[2m  press [22m[1mh + enter[22m[2m to show help[22m
[2m10:59:04 PM[22m [31m[1m[vite][22m[39m [31mhttp proxy error: /api/auth/me[39m
AggregateError [ECONNREFUSED]: 
    at internalConnectMultiple (node:net:1135:18)
    at afterConnectMultiple (node:net:1716:7)
[2m10:59:04 PM[22m [31m[1m[vite][22m[39m [31mhttp proxy error: /api/auth/me[39m
AggregateError [ECONNREFUSED]: 
    at internalConnectMultiple (node:net:1135:18)
    at afterConnectMultiple (node:net:1716:7)
[2m11:09:21 PM[22m [36m[1m[vite][22m[39m [32mhmr update [39m[2m/src/pages/Pos.tsx[22m
[2m11:09:25 PM[22m [36m[1m[vite][22m[39m [32mhmr update [39m[2m/src/pages/Pos.tsx[22m
[2m11:09:50 PM[22m [36m[1m[vite][22m[39m [32mhmr update [39m[2m/src/theme.css[22m
[2m11:09:52 PM[22m [36m[1m[vite][22m[39m [32mhmr update [39m[2m/src/theme.css[22m
[2m11:09:58 PM[22m [36m[1m[vite][22m[39m [32mhmr update [39m[2m/src/theme.css[22m
[2m11:10:13 PM[22m [36m[1m[vite][22m[39m [32mhmr update [39m[2m/src/theme.css[22m
[2m11:10:40 PM[22m [36m[1m[vite][22m[39m [32mhmr update [39m[2m/src/theme.css[22m
[2m11:11:12 PM[22m [36m[1m[vite][22m[39m [32mhmr update [39m[2m/src/theme.css[22m
[2m11:11:53 PM[22m [36m[1m[vite][22m[39m [32mhmr update [39m[2m/src/theme.css[22m
[2m11:12:28 PM[22m [36m[1m[vite][22m[39m [32mhmr update [39m[2m/src/theme.css[22m
[2m11:35:40 PM[22m [36m[1m[vite][22m[39m [32mhmr update [39m[2m/src/Shell.tsx[22m
[2m11:35:41 PM[22m [36m[1m[vite][22m[39m [32mhmr update [39m[2m/src/Shell.tsx[22m
[2m11:35:44 PM[22m [36m[1m[vite][22m[39m [32mhmr update [39m[2m/src/Shell.tsx[22m
[2m11:36:00 PM[22m [36m[1m[vite][22m[39m [32mhmr update [39m[2m/src/theme.css[22m
[2m11:36:02 PM[22m [36m[1m[vite][22m[39m [32mhmr update [39m[2m/src/theme.css[22m

> medad-cash@0.1.0 dev:web
> npm run dev -w apps/web


> @medad/web@0.1.0 dev
> vite --port 5173 --strictPort --host 127.0.0.1


  [32m[1mVITE[22m v5.4.21[39m  [2mready in [0m[1m1010[22m[2m[0m ms[22m

  [32m➜[39m  [1mLocal[22m:   [36mhttp://127.0.0.1:[1m5173[22m/[39m
[2m[32m  ➜[39m[22m[2m  press [22m[1mh + enter[22m[2m to show help[22m
[2m1:14:51 AM[22m [31m[1m[vite][22m[39m [31mhttp proxy error: /api/inventory/stock[39m
AggregateError [ECONNREFUSED]: 
    at internalConnectMultiple (node:net:1135:18)
    at afterConnectMultiple (node:net:1716:7)
[2m1:14:52 AM[22m [31m[1m[vite][22m[39m [31mhttp proxy error: /api/purchases[39m
AggregateError [ECONNREFUSED]: 
    at internalConnectMultiple (node:net:1135:18)
    at afterConnectMultiple (node:net:1716:7)
[2m1:14:52 AM[22m [31m[1m[vite][22m[39m [31mhttp proxy error: /api/purchases[39m
AggregateError [ECONNREFUSED]: 
    at internalConnectMultiple (node:net:1135:18)
    at afterConnectMultiple (node:net:1716:7)
[2m1:14:57 AM[22m [31m[1m[vite][22m[39m [31mhttp proxy error: /api/auth/me[39m
AggregateError [ECONNREFUSED]: 
    at internalConnectMultiple (node:net:1135:18)
    at afterConnectMultiple (node:net:1716:7)
[2m1:14:57 AM[22m [31m[1m[vite][22m[39m [31mhttp proxy error: /api/auth/me[39m
AggregateError [ECONNREFUSED]: 
    at internalConnectMultiple (node:net:1135:18)
    at afterConnectMultiple (node:net:1716:7)
[2m1:15:02 AM[22m [31m[1m[vite][22m[39m [31mhttp proxy error: /api/auth/login[39m
AggregateError [ECONNREFUSED]: 
    at internalConnectMultiple (node:net:1135:18)
    at afterConnectMultiple (node:net:1716:7)
[2m1:15:03 AM[22m [36m[1m[vite][22m[39m [32mhmr update [39m[2m/src/pages/Dashboard.tsx[22m

> medad-cash@0.1.0 dev:web
> npm run dev -w apps/web


> @medad/web@0.1.0 dev
> vite --port 5173 --strictPort --host 127.0.0.1


  [32m[1mVITE[22m v5.4.21[39m  [2mready in [0m[1m1266[22m[2m[0m ms[22m

  [32m➜[39m  [1mLocal[22m:   [36mhttp://127.0.0.1:[1m5173[22m/[39m
[2m[32m  ➜[39m[22m[2m  press [22m[1mh + enter[22m[2m to show help[22m
[2m1:19:41 AM[22m [31m[1m[vite][22m[39m [31mhttp proxy error: /api/auth/login[39m
AggregateError [ECONNREFUSED]: 
    at internalConnectMultiple (node:net:1135:18)
    at afterConnectMultiple (node:net:1716:7)

> medad-cash@0.1.0 dev:web
> npm run dev -w apps/web


> @medad/web@0.1.0 dev
> vite --port 5173 --strictPort --host 127.0.0.1


  [32m[1mVITE[22m v5.4.21[39m  [2mready in [0m[1m995[22m[2m[0m ms[22m

  [32m➜[39m  [1mLocal[22m:   [36mhttp://127.0.0.1:[1m5173[22m/[39m
[2m[32m  ➜[39m[22m[2m  press [22m[1mh + enter[22m[2m to show help[22m
[2m1:24:36 AM[22m [36m[1m[vite][22m[39m [32mhmr update [39m[2m/src/pages/Purchases.tsx[22m
[2m1:24:36 AM[22m [36m[1m[vite][22m[39m [32mhmr update [39m[2m/src/pages/Purchases.tsx[22m
[2m1:24:56 AM[22m [36m[1m[vite][22m[39m [32mhmr update [39m[2m/src/ui.tsx[22m
[2m1:24:56 AM[22m [36m[1m[vite][22m[39m [33mhmr invalidate [39m[2m/src/ui.tsx[22m Could not Fast Refresh ("useLiveClock" export is incompatible). Learn more at https://github.com/vitejs/vite-plugin-react/tree/main/packages/plugin-react#consistent-components-exports
[2m1:24:56 AM[22m [36m[1m[vite][22m[39m [32mhmr update [39m[2m/src/pages/Counts.tsx, /src/pages/Inventory.tsx, /src/pages/Transfers.tsx, /src/pages/Sync.tsx, /src/pages/Dashboard.tsx, /src/pages/Parties.tsx, /src/pages/Settings.tsx, /src/pages/Purchases.tsx, /src/pages/Labels.tsx, /src/Shell.tsx, /src/pages/Ledger.tsx, /src/pages/Tasks.tsx, /src/pages/Pos.tsx[22m
[2m1:25:18 AM[22m [36m[1m[vite][22m[39m [32mhmr update [39m[2m/src/theme.css[22m
[2m1:25:32 AM[22m [36m[1m[vite][22m[39m [32mhmr update [39m[2m/src/theme.css[22m

> medad-cash@0.1.0 dev:web
> npm run dev -w apps/web


> @medad/web@0.1.0 dev
> vite --port 5173 --strictPort --host 127.0.0.1


  [32m[1mVITE[22m v5.4.21[39m  [2mready in [0m[1m1245[22m[2m[0m ms[22m

  [32m➜[39m  [1mLocal[22m:   [36mhttp://127.0.0.1:[1m5173[22m/[39m
[2m[32m  ➜[39m[22m[2m  press [22m[1mh + enter[22m[2m to show help[22m

> medad-cash@0.1.0 dev:web
> npm run dev -w apps/web


> @medad/web@0.1.0 dev
> vite --port 5173 --strictPort --host 127.0.0.1


  [32m[1mVITE[22m v5.4.21[39m  [2mready in [0m[1m1048[22m[2m[0m ms[22m

  [32m➜[39m  [1mLocal[22m:   [36mhttp://127.0.0.1:[1m5173[22m/[39m
[2m[32m  ➜[39m[22m[2m  press [22m[1mh + enter[22m[2m to show help[22m
[2m1:29:09 AM[22m [36m[1m[vite][22m[39m [32mhmr update [39m[2m/src/ui.tsx[22m
[2m1:29:09 AM[22m [36m[1m[vite][22m[39m [32mhmr update [39m[2m/src/ui.tsx[22m
[2m1:29:09 AM[22m [36m[1m[vite][22m[39m [33mhmr invalidate [39m[2m/src/ui.tsx[22m Could not Fast Refresh ("useLiveClock" export is incompatible). Learn more at https://github.com/vitejs/vite-plugin-react/tree/main/packages/plugin-react#consistent-components-exports
[2m1:29:09 AM[22m [36m[1m[vite][22m[39m [32mhmr update [39m[2m/src/Shell.tsx, /src/pages/Dashboard.tsx, /src/pages/Inventory.tsx, /src/pages/Purchases.tsx, /src/pages/Tasks.tsx, /src/pages/Transfers.tsx, /src/pages/Settings.tsx, /src/pages/Parties.tsx, /src/pages/Counts.tsx, /src/pages/Sync.tsx, /src/pages/Labels.tsx, /src/pages/Ledger.tsx, /src/pages/Pos.tsx[22m
[2m1:29:21 AM[22m [36m[1m[vite][22m[39m [32mhmr update [39m[2m/src/theme.css[22m

> medad-cash@0.1.0 dev:web
> npm run dev -w apps/web


> @medad/web@0.1.0 dev
> vite --port 5173 --strictPort --host 127.0.0.1


  [32m[1mVITE[22m v5.4.21[39m  [2mready in [0m[1m4049[22m[2m[0m ms[22m

  [32m➜[39m  [1mLocal[22m:   [36mhttp://127.0.0.1:[1m5173[22m/[39m
[2m[32m  ➜[39m[22m[2m  press [22m[1mh + enter[22m[2m to show help[22m
[2m7:39:24 PM[22m [36m[1m[vite][22m[39m [32mhmr update [39m[2m/src/pages/Pos.tsx, /src/auth.tsx, /src/Loader.tsx, /src/pages/Parties.tsx, /src/pages/Dashboard.tsx, /src/pages/Transfers.tsx, /src/pages/Counts.tsx, /src/pages/Purchases.tsx, /src/pages/Inventory.tsx, /src/pages/Settings.tsx, /src/pages/Tasks.tsx, /src/pages/Labels.tsx, /src/pages/Sync.tsx, /src/pages/Ledger.tsx, /src/ui.tsx[22m
[2m7:39:24 PM[22m [36m[1m[vite][22m[39m [32mhmr update [39m[2m/src/pages/Pos.tsx, /src/auth.tsx, /src/Loader.tsx, /src/pages/Parties.tsx, /src/pages/Dashboard.tsx, /src/pages/Transfers.tsx, /src/pages/Counts.tsx, /src/pages/Purchases.tsx, /src/pages/Inventory.tsx, /src/pages/Settings.tsx, /src/pages/Tasks.tsx, /src/pages/Labels.tsx, /src/pages/Sync.tsx, /src/pages/Ledger.tsx, /src/ui.tsx[22m
[2m7:39:24 PM[22m [36m[1m[vite][22m[39m [32mhmr update [39m[2m/src/pages/Pos.tsx, /src/auth.tsx, /src/Loader.tsx, /src/pages/Parties.tsx, /src/pages/Dashboard.tsx, /src/pages/Transfers.tsx, /src/pages/Counts.tsx, /src/pages/Purchases.tsx, /src/pages/Inventory.tsx, /src/pages/Settings.tsx, /src/pages/Tasks.tsx, /src/pages/Labels.tsx, /src/pages/Sync.tsx, /src/pages/Ledger.tsx, /src/ui.tsx[22m
[2m7:39:24 PM[22m [36m[1m[vite][22m[39m [32mhmr update [39m[2m/src/pages/Pos.tsx, /src/auth.tsx, /src/Loader.tsx, /src/pages/Parties.tsx, /src/pages/Dashboard.tsx, /src/pages/Transfers.tsx, /src/pages/Counts.tsx, /src/pages/Purchases.tsx, /src/pages/Inventory.tsx, /src/pages/Settings.tsx, /src/pages/Tasks.tsx, /src/pages/Labels.tsx, /src/pages/Sync.tsx, /src/pages/Ledger.tsx, /src/ui.tsx[22m
[2m7:39:24 PM[22m [36m[1m[vite][22m[39m [32mhmr update [39m[2m/src/pages/Pos.tsx, /src/auth.tsx, /src/Loader.tsx, /src/pages/Parties.tsx, /src/pages/Dashboard.tsx, /src/pages/Transfers.tsx, /src/pages/Counts.tsx, /src/pages/Purchases.tsx, /src/pages/Inventory.tsx, /src/pages/Settings.tsx, /src/pages/Tasks.tsx, /src/pages/Labels.tsx, /src/pages/Sync.tsx, /src/pages/Ledger.tsx, /src/ui.tsx[22m
[2m7:39:24 PM[22m [36m[1m[vite][22m[39m [32mhmr update [39m[2m/src/pages/Pos.tsx, /src/auth.tsx, /src/Loader.tsx, /src/pages/Parties.tsx, /src/pages/Dashboard.tsx, /src/pages/Transfers.tsx, /src/pages/Counts.tsx, /src/pages/Purchases.tsx, /src/pages/Inventory.tsx, /src/pages/Settings.tsx, /src/pages/Tasks.tsx, /src/pages/Labels.tsx, /src/pages/Sync.tsx, /src/pages/Ledger.tsx, /src/ui.tsx[22m
[2m7:39:29 PM[22m [36m[1m[vite][22m[39m [33mhmr invalidate [39m[2m/src/auth.tsx[22m Could not Fast Refresh ("useAuth" export is incompatible). Learn more at https://github.com/vitejs/vite-plugin-react/tree/main/packages/plugin-react#consistent-components-exports
[2m7:39:29 PM[22m [36m[1m[vite][22m[39m [32mhmr update [39m[2m/src/main.tsx, /src/pages/Pos.tsx, /src/Shell.tsx, /src/pages/Settings.tsx[22m
[2m7:39:29 PM[22m [36m[1m[vite][22m[39m [33mhmr invalidate [39m[2m/src/ui.tsx[22m Could not Fast Refresh ("useLiveClock" export is incompatible). Learn more at https://github.com/vitejs/vite-plugin-react/tree/main/packages/plugin-react#consistent-components-exports
[2m7:39:29 PM[22m [36m[1m[vite][22m[39m [32mhmr update [39m[2m/src/pages/Parties.tsx, /src/pages/Dashboard.tsx, /src/pages/Transfers.tsx, /src/pages/Pos.tsx, /src/pages/Counts.tsx, /src/Shell.tsx, /src/pages/Purchases.tsx, /src/pages/Inventory.tsx, /src/pages/Settings.tsx, /src/pages/Tasks.tsx, /src/pages/Labels.tsx, /src/pages/Sync.tsx, /src/pages/Ledger.tsx[22m
[2m7:39:31 PM[22m [36m[1m[vite][22m[39m [33mhmr invalidate [39m[2m/src/main.tsx[22m Could not Fast Refresh ("true" export is incompatible). Learn more at https://github.com/vitejs/vite-plugin-react/tree/main/packages/plugin-react#consistent-components-exports
[2m7:39:31 PM[22m [36m[1m[vite][22m[39m [32mpage reload [39m[2msrc/main.tsx[22m

> medad-cash@0.1.0 dev:web
> npm run dev -w apps/web


> @medad/web@0.1.0 dev
> vite --port 5173 --strictPort --host 127.0.0.1


  [32m[1mVITE[22m v5.4.21[39m  [2mready in [0m[1m2519[22m[2m[0m ms[22m

  [32m➜[39m  [1mLocal[22m:   [36mhttp://127.0.0.1:[1m5173[22m/[39m
[2m[32m  ➜[39m[22m[2m  press [22m[1mh + enter[22m[2m to show help[22m

> medad-cash@0.1.0 dev:web
> npm run dev -w apps/web


> @medad/web@0.1.0 dev
> vite --port 5173 --strictPort --host 127.0.0.1


  [32m[1mVITE[22m v5.4.21[39m  [2mready in [0m[1m1136[22m[2m[0m ms[22m

  [32m➜[39m  [1mLocal[22m:   [36mhttp://127.0.0.1:[1m5173[22m/[39m
[2m[32m  ➜[39m[22m[2m  press [22m[1mh + enter[22m[2m to show help[22m

> medad-cash@0.1.0 dev:web
> npm run dev -w apps/web


> @medad/web@0.1.0 dev
> vite --port 5173 --strictPort --host 127.0.0.1


  [32m[1mVITE[22m v5.4.21[39m  [2mready in [0m[1m1367[22m[2m[0m ms[22m

  [32m➜[39m  [1mLocal[22m:   [36mhttp://127.0.0.1:[1m5173[22m/[39m
[2m[32m  ➜[39m[22m[2m  press [22m[1mh + enter[22m[2m to show help[22m
[2m7:48:48 PM[22m [36m[1m[vite][22m[39m [32mhmr update [39m[2m/src/pages/Ledger.tsx[22m
[2m7:48:48 PM[22m [36m[1m[vite][22m[39m [32mhmr update [39m[2m/src/pages/Ledger.tsx[22m

> medad-cash@0.1.0 dev:web
> npm run dev -w apps/web


> @medad/web@0.1.0 dev
> vite --port 5173 --strictPort --host 127.0.0.1


  [32m[1mVITE[22m v5.4.21[39m  [2mready in [0m[1m1155[22m[2m[0m ms[22m

  [32m➜[39m  [1mLocal[22m:   [36mhttp://127.0.0.1:[1m5173[22m/[39m
[2m[32m  ➜[39m[22m[2m  press [22m[1mh + enter[22m[2m to show help[22m
[2m8:07:47 PM[22m [36m[1m[vite][22m[39m [32mhmr update [39m[2m/src/theme.css[22m
[2m8:07:47 PM[22m [36m[1m[vite][22m[39m [32mhmr update [39m[2m/src/theme.css[22m
[2m8:08:09 PM[22m [36m[1m[vite][22m[39m [32mhmr update [39m[2m/src/pages/Dashboard.tsx[22m
[2m8:08:35 PM[22m [36m[1m[vite][22m[39m [32mhmr update [39m[2m/src/pages/Dashboard.tsx[22m
[2m8:09:03 PM[22m [36m[1m[vite][22m[39m [32mhmr update [39m[2m/src/pages/Dashboard.tsx[22m
[2m8:09:28 PM[22m [36m[1m[vite][22m[39m [32mhmr update [39m[2m/src/pages/Dashboard.tsx[22m
[2m8:09:28 PM[22m [31m[1m[vite][22m[39m [31mInternal server error: F:\مداد\MedadCash\apps\web\src\pages\Dashboard.tsx: Unterminated JSX contents. (135:10)

[0m [90m 133 |[31m         [33m<[31m[33mbutton[31m className[33m=[31m[32m"btn secondary"[31m style[33m=[31m{{ marginTop[33m:[31m [35m12[31m }} onClick[33m=[31m{() [33m=>[31m showToast([32m'مرحباً بك في مداد — النظام يعمل بكامل المراحل'[31m)}[33m>[31mحالة[33m:[31m [35m7[31m[33m/[31m[35m7[31m مراحل[33m<[31m[33m/[31m[33mbutton[31m[33m>[31m
 [90m 134 |[31m       [33m<[31m[33m/[31m[33mdiv[31m[33m>[31m
[31m[1m>[22m[31m[90m 135 |[31m     [33m<[31m[33m/[31m[33mdiv[31m[33m>[31m
 [90m     |[31m           [31m[1m^[22m[31m
 [90m 136 |[31m   )[33m;[31m
 [90m 137 |[31m }
 [90m 138 |[31m[0m[39m
  Plugin: [35mvite:react-babel[39m
  File: [36mF:/مداد/MedadCash/apps/web/src/pages/Dashboard.tsx[39m:135:10
[33m  133|          <button className="btn secondary" style={{ marginTop: 12 }} onClick={() => showToast('مرحباً بك في مداد — النظام يعمل بكامل المراحل')}>حالة: 7/7 مراحل</button>
  134|        </div>
  135|      </div>
     |            ^
  136|    );
  137|  }[39m
      at constructor (F:\مداد\MedadCash\node_modules\@babel\parser\lib\index.js:369:19)
      at TypeScriptParserMixin.raise (F:\مداد\MedadCash\node_modules\@babel\parser\lib\index.js:6620:19)
      at TypeScriptParserMixin.jsxReadToken (F:\مداد\MedadCash\node_modules\@babel\parser\lib\index.js:4464:20)
      at TypeScriptParserMixin.getTokenFromCode (F:\مداد\MedadCash\node_modules\@babel\parser\lib\index.js:4790:12)
      at TypeScriptParserMixin.getTokenFromCode (F:\مداد\MedadCash\node_modules\@babel\parser\lib\index.js:10008:11)
      at TypeScriptParserMixin.nextToken (F:\مداد\MedadCash\node_modules\@babel\parser\lib\index.js:5803:10)
      at TypeScriptParserMixin.next (F:\مداد\MedadCash\node_modules\@babel\parser\lib\index.js:5713:10)
      at TypeScriptParserMixin.eat (F:\مداد\MedadCash\node_modules\@babel\parser\lib\index.js:5717:12)
      at TypeScriptParserMixin.expect (F:\مداد\MedadCash\node_modules\@babel\parser\lib\index.js:6919:15)
      at TypeScriptParserMixin.jsxParseClosingElementAt (F:\مداد\MedadCash\node_modules\@babel\parser\lib\index.js:4696:10)
      at TypeScriptParserMixin.jsxParseElementAt (F:\مداد\MedadCash\node_modules\@babel\parser\lib\index.js:4711:37)
      at TypeScriptParserMixin.jsxParseElementAt (F:\مداد\MedadCash\node_modules\@babel\parser\lib\index.js:4714:32)
      at TypeScriptParserMixin.jsxParseElement (F:\مداد\MedadCash\node_modules\@babel\parser\lib\index.js:4765:17)
      at TypeScriptParserMixin.parseExprAtom (F:\مداد\MedadCash\node_modules\@babel\parser\lib\index.js:4775:19)
      at TypeScriptParserMixin.parseExprSubscripts (F:\مداد\MedadCash\node_modules\@babel\parser\lib\index.js:11102:23)
      at TypeScriptParserMixin.parseUpdate (F:\مداد\MedadCash\node_modules\@babel\parser\lib\index.js:11087:21)
      at TypeScriptParserMixin.parseMaybeUnary (F:\مداد\MedadCash\node_modules\@babel\parser\lib\index.js:11067:23)
      at TypeScriptParserMixin.parseMaybeUnary (F:\مداد\MedadCash\node_modules\@babel\parser\lib\index.js:9858:18)
      at TypeScriptParserMixin.parseMaybeUnaryOrPrivate (F:\مداد\MedadCash\node_modules\@babel\parser\lib\index.js:10920:61)
      at TypeScriptParserMixin.parseExprOps (F:\مداد\MedadCash\node_modules\@babel\parser\lib\index.js:10925:23)
      at TypeScriptParserMixin.parseMaybeConditional (F:\مداد\MedadCash\node_modules\@babel\parser\lib\index.js:10902:23)
      at TypeScriptParserMixin.parseMaybeAssign (F:\مداد\MedadCash\node_modules\@babel\parser\lib\index.js:10852:21)
      at F:\مداد\MedadCash\node_modules\@babel\parser\lib\index.js:9796:39
      at TypeScriptParserMixin.tryParse (F:\مداد\MedadCash\node_modules\@babel\parser\lib\index.js:6928:20)
      at TypeScriptParserMixin.parseMaybeAssign (F:\مداد\MedadCash\node_modules\@babel\parser\lib\index.js:9796:18)
      at F:\مداد\MedadCash\node_modules\@babel\parser\lib\index.js:10821:39
      at TypeScriptParserMixin.allowInAnd (F:\مداد\MedadCash\node_modules\@babel\parser\lib\index.js:12455:12)
      at TypeScriptParserMixin.parseMaybeAssignAllowIn (F:\مداد\MedadCash\node_modules\@babel\parser\lib\index.js:10821:17)
      at TypeScriptParserMixin.parseMaybeAssignAllowInOrVoidPattern (F:\مداد\MedadCash\node_modules\@babel\parser\lib\index.js:12522:17)
      at TypeScriptParserMixin.parseParenAndDistinguishExpression (F:\مداد\MedadCash\node_modules\@babel\parser\lib\index.js:11701:28)
      at TypeScriptParserMixin.parseExprAtom (F:\مداد\MedadCash\node_modules\@babel\parser\lib\index.js:11357:23)
      at TypeScriptParserMixin.parseExprAtom (F:\مداد\MedadCash\node_modules\@babel\parser\lib\index.js:4780:20)
      at TypeScriptParserMixin.parseExprSubscripts (F:\مداد\MedadCash\node_modules\@babel\parser\lib\index.js:11102:23)
      at TypeScriptParserMixin.parseUpdate (F:\مداد\MedadCash\node_modules\@babel\parser\lib\index.js:11087:21)
      at TypeScriptParserMixin.parseMaybeUnary (F:\مداد\MedadCash\node_modules\@babel\parser\lib\index.js:11067:23)
      at TypeScriptParserMixin.parseMaybeUnary (F:\مداد\MedadCash\node_modules\@babel\parser\lib\index.js:9858:18)
      at TypeScriptParserMixin.parseMaybeUnaryOrPrivate (F:\مداد\MedadCash\node_modules\@babel\parser\lib\index.js:10920:61)
      at TypeScriptParserMixin.parseExprOps (F:\مداد\MedadCash\node_modules\@babel\parser\lib\index.js:10925:23)
      at TypeScriptParserMixin.parseMaybeConditional (F:\مداد\MedadCash\node_modules\@babel\parser\lib\index.js:10902:23)
      at TypeScriptParserMixin.parseMaybeAssign (F:\مداد\MedadCash\node_modules\@babel\parser\lib\index.js:10852:21)
      at TypeScriptParserMixin.parseMaybeAssign (F:\مداد\MedadCash\node_modules\@babel\parser\lib\index.js:9807:20)
      at TypeScriptParserMixin.parseExpressionBase (F:\مداد\MedadCash\node_modules\@babel\parser\lib\index.js:10805:23)
      at F:\مداد\MedadCash\node_modules\@babel\parser\lib\index.js:10801:39
      at TypeScriptParserMixin.allowInAnd (F:\مداد\MedadCash\node_modules\@babel\parser\lib\index.js:12450:16)
      at TypeScriptParserMixin.parseExpression (F:\مداد\MedadCash\node_modules\@babel\parser\lib\index.js:10801:17)
      at TypeScriptParserMixin.parseReturnStatement (F:\مداد\MedadCash\node_modules\@babel\parser\lib\index.js:13171:28)
      at TypeScriptParserMixin.parseStatementContent (F:\مداد\MedadCash\node_modules\@babel\parser\lib\index.js:12827:21)
      at TypeScriptParserMixin.parseStatementContent (F:\مداد\MedadCash\node_modules\@babel\parser\lib\index.js:9529:18)
      at TypeScriptParserMixin.parseStatementLike (F:\مداد\MedadCash\node_modules\@babel\parser\lib\index.js:12796:17)
      at TypeScriptParserMixin.parseStatementListItem (F:\مداد\MedadCash\node_modules\@babel\parser\lib\index.js:12776:17)
[2m8:09:28 PM[22m [31m[1m[vite][22m[39m [31mInternal server error: F:\مداد\MedadCash\apps\web\src\pages\Dashboard.tsx: Unterminated JSX contents. (135:10)

[0m [90m 133 |[31m         [33m<[31m[33mbutton[31m className[33m=[31m[32m"btn secondary"[31m style[33m=[31m{{ marginTop[33m:[31m [35m12[31m }} onClick[33m=[31m{() [33m=>[31m showToast([32m'مرحباً بك في مداد — النظام يعمل بكامل المراحل'[31m)}[33m>[31mحالة[33m:[31m [35m7[31m[33m/[31m[35m7[31m مراحل[33m<[31m[33m/[31m[33mbutton[31m[33m>[31m
 [90m 134 |[31m       [33m<[31m[33m/[31m[33mdiv[31m[33m>[31m
[31m[1m>[22m[31m[90m 135 |[31m     [33m<[31m[33m/[31m[33mdiv[31m[33m>[31m
 [90m     |[31m           [31m[1m^[22m[31m
 [90m 136 |[31m   )[33m;[31m
 [90m 137 |[31m }
 [90m 138 |[31m[0m[39m
  Plugin: [35mvite:react-babel[39m
  File: [36mF:/مداد/MedadCash/apps/web/src/pages/Dashboard.tsx[39m:135:10
[33m  133|          <button className="btn secondary" style={{ marginTop: 12 }} onClick={() => showToast('مرحباً بك في مداد — النظام يعمل بكامل المراحل')}>حالة: 7/7 مراحل</button>
  134|        </div>
  135|      </div>
     |            ^
  136|    );
  137|  }[39m
      at constructor (F:\مداد\MedadCash\node_modules\@babel\parser\lib\index.js:369:19)
      at TypeScriptParserMixin.raise (F:\مداد\MedadCash\node_modules\@babel\parser\lib\index.js:6620:19)
      at TypeScriptParserMixin.jsxReadToken (F:\مداد\MedadCash\node_modules\@babel\parser\lib\index.js:4464:20)
      at TypeScriptParserMixin.getTokenFromCode (F:\مداد\MedadCash\node_modules\@babel\parser\lib\index.js:4790:12)
      at TypeScriptParserMixin.getTokenFromCode (F:\مداد\MedadCash\node_modules\@babel\parser\lib\index.js:10008:11)
      at TypeScriptParserMixin.nextToken (F:\مداد\MedadCash\node_modules\@babel\parser\lib\index.js:5803:10)
      at TypeScriptParserMixin.next (F:\مداد\MedadCash\node_modules\@babel\parser\lib\index.js:5713:10)
      at TypeScriptParserMixin.eat (F:\مداد\MedadCash\node_modules\@babel\parser\lib\index.js:5717:12)
      at TypeScriptParserMixin.expect (F:\مداد\MedadCash\node_modules\@babel\parser\lib\index.js:6919:15)
      at TypeScriptParserMixin.jsxParseClosingElementAt (F:\مداد\MedadCash\node_modules\@babel\parser\lib\index.js:4696:10)
      at TypeScriptParserMixin.jsxParseElementAt (F:\مداد\MedadCash\node_modules\@babel\parser\lib\index.js:4711:37)
      at TypeScriptParserMixin.jsxParseElementAt (F:\مداد\MedadCash\node_modules\@babel\parser\lib\index.js:4714:32)
      at TypeScriptParserMixin.jsxParseElement (F:\مداد\MedadCash\node_modules\@babel\parser\lib\index.js:4765:17)
      at TypeScriptParserMixin.parseExprAtom (F:\مداد\MedadCash\node_modules\@babel\parser\lib\index.js:4775:19)
      at TypeScriptParserMixin.parseExprSubscripts (F:\مداد\MedadCash\node_modules\@babel\parser\lib\index.js:11102:23)
      at TypeScriptParserMixin.parseUpdate (F:\مداد\MedadCash\node_modules\@babel\parser\lib\index.js:11087:21)
      at TypeScriptParserMixin.parseMaybeUnary (F:\مداد\MedadCash\node_modules\@babel\parser\lib\index.js:11067:23)
      at TypeScriptParserMixin.parseMaybeUnary (F:\مداد\MedadCash\node_modules\@babel\parser\lib\index.js:9858:18)
      at TypeScriptParserMixin.parseMaybeUnaryOrPrivate (F:\مداد\MedadCash\node_modules\@babel\parser\lib\index.js:10920:61)
      at TypeScriptParserMixin.parseExprOps (F:\مداد\MedadCash\node_modules\@babel\parser\lib\index.js:10925:23)
      at TypeScriptParserMixin.parseMaybeConditional (F:\مداد\MedadCash\node_modules\@babel\parser\lib\index.js:10902:23)
      at TypeScriptParserMixin.parseMaybeAssign (F:\مداد\MedadCash\node_modules\@babel\parser\lib\index.js:10852:21)
      at F:\مداد\MedadCash\node_modules\@babel\parser\lib\index.js:9796:39
      at TypeScriptParserMixin.tryParse (F:\مداد\MedadCash\node_modules\@babel\parser\lib\index.js:6928:20)
      at TypeScriptParserMixin.parseMaybeAssign (F:\مداد\MedadCash\node_modules\@babel\parser\lib\index.js:9796:18)
      at F:\مداد\MedadCash\node_modules\@babel\parser\lib\index.js:10821:39
      at TypeScriptParserMixin.allowInAnd (F:\مداد\MedadCash\node_modules\@babel\parser\lib\index.js:12455:12)
      at TypeScriptParserMixin.parseMaybeAssignAllowIn (F:\مداد\MedadCash\node_modules\@babel\parser\lib\index.js:10821:17)
      at TypeScriptParserMixin.parseMaybeAssignAllowInOrVoidPattern (F:\مداد\MedadCash\node_modules\@babel\parser\lib\index.js:12522:17)
      at TypeScriptParserMixin.parseParenAndDistinguishExpression (F:\مداد\MedadCash\node_modules\@babel\parser\lib\index.js:11701:28)
      at TypeScriptParserMixin.parseExprAtom (F:\مداد\MedadCash\node_modules\@babel\parser\lib\index.js:11357:23)
      at TypeScriptParserMixin.parseExprAtom (F:\مداد\MedadCash\node_modules\@babel\parser\lib\index.js:4780:20)
      at TypeScriptParserMixin.parseExprSubscripts (F:\مداد\MedadCash\node_modules\@babel\parser\lib\index.js:11102:23)
      at TypeScriptParserMixin.parseUpdate (F:\مداد\MedadCash\node_modules\@babel\parser\lib\index.js:11087:21)
      at TypeScriptParserMixin.parseMaybeUnary (F:\مداد\MedadCash\node_modules\@babel\parser\lib\index.js:11067:23)
      at TypeScriptParserMixin.parseMaybeUnary (F:\مداد\MedadCash\node_modules\@babel\parser\lib\index.js:9858:18)
      at TypeScriptParserMixin.parseMaybeUnaryOrPrivate (F:\مداد\MedadCash\node_modules\@babel\parser\lib\index.js:10920:61)
      at TypeScriptParserMixin.parseExprOps (F:\مداد\MedadCash\node_modules\@babel\parser\lib\index.js:10925:23)
      at TypeScriptParserMixin.parseMaybeConditional (F:\مداد\MedadCash\node_modules\@babel\parser\lib\index.js:10902:23)
      at TypeScriptParserMixin.parseMaybeAssign (F:\مداد\MedadCash\node_modules\@babel\parser\lib\index.js:10852:21)
      at TypeScriptParserMixin.parseMaybeAssign (F:\مداد\MedadCash\node_modules\@babel\parser\lib\index.js:9807:20)
      at TypeScriptParserMixin.parseExpressionBase (F:\مداد\MedadCash\node_modules\@babel\parser\lib\index.js:10805:23)
      at F:\مداد\MedadCash\node_modules\@babel\parser\lib\index.js:10801:39
      at TypeScriptParserMixin.allowInAnd (F:\مداد\MedadCash\node_modules\@babel\parser\lib\index.js:12450:16)
      at TypeScriptParserMixin.parseExpression (F:\مداد\MedadCash\node_modules\@babel\parser\lib\index.js:10801:17)
      at TypeScriptParserMixin.parseReturnStatement (F:\مداد\MedadCash\node_modules\@babel\parser\lib\index.js:13171:28)
      at TypeScriptParserMixin.parseStatementContent (F:\مداد\MedadCash\node_modules\@babel\parser\lib\index.js:12827:21)
      at TypeScriptParserMixin.parseStatementContent (F:\مداد\MedadCash\node_modules\@babel\parser\lib\index.js:9529:18)
      at TypeScriptParserMixin.parseStatementLike (F:\مداد\MedadCash\node_modules\@babel\parser\lib\index.js:12796:17)
      at TypeScriptParserMixin.parseStatementListItem (F:\مداد\MedadCash\node_modules\@babel\parser\lib\index.js:12776:17)
[2m8:09:56 PM[22m [36m[1m[vite][22m[39m [32mhmr update [39m[2m/src/pages/Dashboard.tsx[22m
[2m8:10:19 PM[22m [36m[1m[vite][22m[39m [32mhmr update [39m[2m/src/pages/Dashboard.tsx[22m
[2m8:20:26 PM[22m [36m[1m[vite][22m[39m [32mhmr update [39m[2m/src/pages/Dashboard.tsx[22m
[2m8:20:28 PM[22m [36m[1m[vite][22m[39m [32mhmr update [39m[2m/src/pages/Dashboard.tsx[22m
[2m8:20:31 PM[22m [36m[1m[vite][22m[39m [32mhmr update [39m[2m/src/pages/Dashboard.tsx[22m
[2m8:20:31 PM[22m [31m[1m[vite][22m[39m [31mInternal server error: F:\مداد\MedadCash\apps\web\src\pages\Dashboard.tsx: Unexpected token (143:10)

[0m [90m 141 |[31m           [33m<[31m[33m/[31m[33m>[31m
 [90m 142 |[31m         )}
[31m[1m>[22m[31m[90m 143 |[31m        {[33m--[31m} [33m<[31m[33mbutton[31m className[33m=[31m[32m"btn secondary"[31m style[33m=[31m{{ marginTop[33m:[31m [35m12[31m }} onClick[33m=[31m{() [33m=>[31m showToast([32m'مرحباً بك في مداد — النظام يعمل بكامل المراحل'[31m)}[33m>[31mحالة[33m:[31m [35m7[31m[33m/[31m[35m7[31m مراحل[33m<[31m[33m/[31m[33mbutton[31m[33m>[31m
 [90m     |[31m           [31m[1m^[22m[31m
 [90m 144 |[31m       [33m<[31m[33m/[31m[33mdiv[31m[33m>[31m
 [90m 145 |[31m       {can([32m'tasks.view'[31m) [33m&&[31m (
 [90m 146 |[31m         [33m<[31m[33mdiv[31m className[33m=[31m[32m"card"[31m[33m>[31m[0m[39m
  Plugin: [35mvite:react-babel[39m
  File: [36mF:/مداد/MedadCash/apps/web/src/pages/Dashboard.tsx[39m:143:10
[33m  141|            </>
  142|          )}
  143|         {--} <button className="btn secondary" style={{ marginTop: 12 }} onClick={() => showToast('مرحباً بك في مداد — النظام يعمل بكامل المراحل')}>حالة: 7/7 مراحل</button>
     |            ^
  144|        </div>
  145|        {can('tasks.view') && ([39m
      at constructor (F:\مداد\MedadCash\node_modules\@babel\parser\lib\index.js:369:19)
      at TypeScriptParserMixin.raise (F:\مداد\MedadCash\node_modules\@babel\parser\lib\index.js:6620:19)
      at TypeScriptParserMixin.unexpected (F:\مداد\MedadCash\node_modules\@babel\parser\lib\index.js:6640:16)
      at TypeScriptParserMixin.parseExprAtom (F:\مداد\MedadCash\node_modules\@babel\parser\lib\index.js:11468:22)
      at TypeScriptParserMixin.parseExprAtom (F:\مداد\MedadCash\node_modules\@babel\parser\lib\index.js:4780:20)
      at TypeScriptParserMixin.parseExprSubscripts (F:\مداد\MedadCash\node_modules\@babel\parser\lib\index.js:11102:23)
      at TypeScriptParserMixin.parseUpdate (F:\مداد\MedadCash\node_modules\@babel\parser\lib\index.js:11087:21)
      at TypeScriptParserMixin.parseMaybeUnary (F:\مداد\MedadCash\node_modules\@babel\parser\lib\index.js:11067:23)
      at TypeScriptParserMixin.parseMaybeUnary (F:\مداد\MedadCash\node_modules\@babel\parser\lib\index.js:9858:18)
      at TypeScriptParserMixin.parseMaybeUnary (F:\مداد\MedadCash\node_modules\@babel\parser\lib\index.js:11050:28)
      at TypeScriptParserMixin.parseMaybeUnary (F:\مداد\MedadCash\node_modules\@babel\parser\lib\index.js:9858:18)
      at TypeScriptParserMixin.parseMaybeUnaryOrPrivate (F:\مداد\MedadCash\node_modules\@babel\parser\lib\index.js:10920:61)
      at TypeScriptParserMixin.parseExprOps (F:\مداد\MedadCash\node_modules\@babel\parser\lib\index.js:10925:23)
      at TypeScriptParserMixin.parseMaybeConditional (F:\مداد\MedadCash\node_modules\@babel\parser\lib\index.js:10902:23)
      at TypeScriptParserMixin.parseMaybeAssign (F:\مداد\MedadCash\node_modules\@babel\parser\lib\index.js:10852:21)
      at TypeScriptParserMixin.parseMaybeAssign (F:\مداد\MedadCash\node_modules\@babel\parser\lib\index.js:9807:20)
      at TypeScriptParserMixin.parseExpressionBase (F:\مداد\MedadCash\node_modules\@babel\parser\lib\index.js:10805:23)
      at F:\مداد\MedadCash\node_modules\@babel\parser\lib\index.js:10801:39
      at TypeScriptParserMixin.allowInAnd (F:\مداد\MedadCash\node_modules\@babel\parser\lib\index.js:12455:12)
      at TypeScriptParserMixin.parseExpression (F:\مداد\MedadCash\node_modules\@babel\parser\lib\index.js:10801:17)
      at TypeScriptParserMixin.jsxParseExpressionContainer (F:\مداد\MedadCash\node_modules\@babel\parser\lib\index.js:4648:31)
      at TypeScriptParserMixin.jsxParseElementAt (F:\مداد\MedadCash\node_modules\@babel\parser\lib\index.js:4727:36)
      at TypeScriptParserMixin.jsxParseElementAt (F:\مداد\MedadCash\node_modules\@babel\parser\lib\index.js:4714:32)
      at TypeScriptParserMixin.jsxParseElementAt (F:\مداد\MedadCash\node_modules\@babel\parser\lib\index.js:4714:32)
      at TypeScriptParserMixin.jsxParseElement (F:\مداد\MedadCash\node_modules\@babel\parser\lib\index.js:4765:17)
      at TypeScriptParserMixin.parseExprAtom (F:\مداد\MedadCash\node_modules\@babel\parser\lib\index.js:4775:19)
      at TypeScriptParserMixin.parseExprSubscripts (F:\مداد\MedadCash\node_modules\@babel\parser\lib\index.js:11102:23)
      at TypeScriptParserMixin.parseUpdate (F:\مداد\MedadCash\node_modules\@babel\parser\lib\index.js:11087:21)
      at TypeScriptParserMixin.parseMaybeUnary (F:\مداد\MedadCash\node_modules\@babel\parser\lib\index.js:11067:23)
      at TypeScriptParserMixin.parseMaybeUnary (F:\مداد\MedadCash\node_modules\@babel\parser\lib\index.js:9858:18)
      at TypeScriptParserMixin.parseMaybeUnaryOrPrivate (F:\مداد\MedadCash\node_modules\@babel\parser\lib\index.js:10920:61)
      at TypeScriptParserMixin.parseExprOps (F:\مداد\MedadCash\node_modules\@babel\parser\lib\index.js:10925:23)
      at TypeScriptParserMixin.parseMaybeConditional (F:\مداد\MedadCash\node_modules\@babel\parser\lib\index.js:10902:23)
      at TypeScriptParserMixin.parseMaybeAssign (F:\مداد\MedadCash\node_modules\@babel\parser\lib\index.js:10852:21)
      at F:\مداد\MedadCash\node_modules\@babel\parser\lib\index.js:9796:39
      at TypeScriptParserMixin.tryParse (F:\مداد\MedadCash\node_modules\@babel\parser\lib\index.js:6928:20)
      at TypeScriptParserMixin.parseMaybeAssign (F:\مداد\MedadCash\node_modules\@babel\parser\lib\index.js:9796:18)
      at F:\مداد\MedadCash\node_modules\@babel\parser\lib\index.js:10821:39
      at TypeScriptParserMixin.allowInAnd (F:\مداد\MedadCash\node_modules\@babel\parser\lib\index.js:12455:12)
      at TypeScriptParserMixin.parseMaybeAssignAllowIn (F:\مداد\MedadCash\node_modules\@babel\parser\lib\index.js:10821:17)
      at TypeScriptParserMixin.parseMaybeAssignAllowInOrVoidPattern (F:\مداد\MedadCash\node_modules\@babel\parser\lib\index.js:12522:17)
      at TypeScriptParserMixin.parseParenAndDistinguishExpression (F:\مداد\MedadCash\node_modules\@babel\parser\lib\index.js:11701:28)
      at TypeScriptParserMixin.parseExprAtom (F:\مداد\MedadCash\node_modules\@babel\parser\lib\index.js:11357:23)
      at TypeScriptParserMixin.parseExprAtom (F:\مداد\MedadCash\node_modules\@babel\parser\lib\index.js:4780:20)
      at TypeScriptParserMixin.parseExprSubscripts (F:\مداد\MedadCash\node_modules\@babel\parser\lib\index.js:11102:23)
      at TypeScriptParserMixin.parseUpdate (F:\مداد\MedadCash\node_modules\@babel\parser\lib\index.js:11087:21)
      at TypeScriptParserMixin.parseMaybeUnary (F:\مداد\MedadCash\node_modules\@babel\parser\lib\index.js:11067:23)
      at TypeScriptParserMixin.parseMaybeUnary (F:\مداد\MedadCash\node_modules\@babel\parser\lib\index.js:9858:18)
      at TypeScriptParserMixin.parseMaybeUnaryOrPrivate (F:\مداد\MedadCash\node_modules\@babel\parser\lib\index.js:10920:61)
      at TypeScriptParserMixin.parseExprOps (F:\مداد\MedadCash\node_modules\@babel\parser\lib\index.js:10925:23)
[2m8:20:33 PM[22m [36m[1m[vite][22m[39m [32mhmr update [39m[2m/src/pages/Dashboard.tsx[22m
[2m8:20:55 PM[22m [36m[1m[vite][22m[39m [32mhmr update [39m[2m/src/pages/Dashboard.tsx[22m
[2m8:21:02 PM[22m [36m[1m[vite][22m[39m [32mhmr update [39m[2m/src/pages/Dashboard.tsx[22m
[2m8:21:11 PM[22m [36m[1m[vite][22m[39m [32mhmr update [39m[2m/src/pages/Dashboard.tsx[22m
 
 >   m e d a d - c a s h @ 0 . 1 . 0   d e v : w e b  
 >   n p m   r u n   d e v   - w   a p p s / w e b  
  
  
 >   @ m e d a d / w e b @ 0 . 1 . 0   d e v  
 >   v i t e   - - p o r t   5 1 7 3   - - s t r i c t P o r t   - - h o s t   1 2 7 . 0 . 0 . 1  
  
  
      [ 3 2 m  [ 1 m V I T E  [ 2 2 m   v 5 . 4 . 2 1  [ 3 9 m      [ 2 m r e a d y   i n    [ 0 m  [ 1 m 2 5 1 3  [ 2 2 m  [ 2 m  [ 0 m   m s  [ 2 2 m  
  
      [ 3 2 m �' [ 3 9 m      [ 1 m L o c a l  [ 2 2 m :        [ 3 6 m h t t p : / / 1 2 7 . 0 . 0 . 1 :  [ 1 m 5 1 7 3  [ 2 2 m /  [ 3 9 m  
 n o d e . e x e   :   n p m   e r r o r   L i f e c y c l e   s c r i p t   ` d e v `   f a i l e d   w i t h   e r r o r :  
 A t   l i n e : 1   c h a r : 1  
 +   &   " C : \ n v m 4 w \ n o d e j s / n o d e . e x e "   " C : \ n v m 4 w \ n o d e j s / n o d e _ m o d u l e s / n p m / b i n / n p   . . .  
 +   ~ ~ ~ ~ ~ ~ ~ ~ ~ ~ ~ ~ ~ ~ ~ ~ ~ ~ ~ ~ ~ ~ ~ ~ ~ ~ ~ ~ ~ ~ ~ ~ ~ ~ ~ ~ ~ ~ ~ ~ ~ ~ ~ ~ ~ ~ ~ ~ ~ ~ ~ ~ ~ ~ ~ ~ ~ ~ ~ ~ ~ ~ ~ ~ ~ ~ ~ ~ ~  
         +   C a t e g o r y I n f o                     :   N o t S p e c i f i e d :   ( n p m   e r r o r   L i f e c . . . l e d   w i t h   e r r o r : : S t r i n g )   [ ] ,   R e m o t e E x c e p t i o n  
         +   F u l l y Q u a l i f i e d E r r o r I d   :   N a t i v e C o m m a n d E r r o r  
    
 n p m   e r r o r   c o d e   1  
 n p m   e r r o r   p a t h   F : \ E/'/\ M e d a d C a s h \ a p p s \ w e b  
 n p m   e r r o r   w o r k s p a c e   @ m e d a d / w e b @ 0 . 1 . 0  
 n p m   e r r o r   l o c a t i o n   F : \ E/'/\ M e d a d C a s h \ a p p s \ w e b  
 n p m   e r r o r   c o m m a n d   f a i l e d  
 n p m   e r r o r   c o m m a n d   C : \ W I N D O W S \ s y s t e m 3 2 \ c m d . e x e   / d   / s   / c   v i t e   - - p o r t   5 1 7 3   - - s t r i c t P o r t   - - h o s t   1 2 7 . 0 . 0 . 1  
 
> medad-cash@0.1.0 dev:web
> npm run dev -w apps/web


> @medad/web@0.1.0 dev
> vite --port 5173 --strictPort --host 127.0.0.1

Re-optimizing dependencies because lockfile has changed

  [32m[1mVITE[22m v5.4.21[39m  [2mready in [0m[1m1371[22m[2m[0m ms[22m

  [32m➜[39m  [1mLocal[22m:   [36mhttp://127.0.0.1:[1m5173[22m/[39m
[2m[32m  ➜[39m[22m[2m  press [22m[1mh + enter[22m[2m to show help[22m

> medad-cash@0.1.0 dev:web
> npm run dev -w apps/web


> @medad/web@0.1.0 dev
> vite --port 5173 --strictPort --host 127.0.0.1


  [32m[1mVITE[22m v5.4.21[39m  [2mready in [0m[1m879[22m[2m[0m ms[22m

  [32m➜[39m  [1mLocal[22m:   [36mhttp://127.0.0.1:[1m5173[22m/[39m
[2m[32m  ➜[39m[22m[2m  press [22m[1mh + enter[22m[2m to show help[22m

> medad-cash@0.1.0 dev:web
> npm run dev -w apps/web


> @medad/web@0.1.0 dev
> vite --port 5173 --strictPort --host 127.0.0.1


  [32m[1mVITE[22m v5.4.21[39m  [2mready in [0m[1m884[22m[2m[0m ms[22m

  [32m➜[39m  [1mLocal[22m:   [36mhttp://127.0.0.1:[1m5173[22m/[39m
[2m[32m  ➜[39m[22m[2m  press [22m[1mh + enter[22m[2m to show help[22m
[2m3:28:09 PM[22m [36m[1m[vite][22m[39m [32mhmr update [39m[2m/src/ui.tsx[22m
[2m3:28:09 PM[22m [36m[1m[vite][22m[39m [32mhmr update [39m[2m/src/ui.tsx[22m
[2m3:28:10 PM[22m [36m[1m[vite][22m[39m [33mhmr invalidate [39m[2m/src/ui.tsx[22m Could not Fast Refresh ("useLiveClock" export is incompatible). Learn more at https://github.com/vitejs/vite-plugin-react/tree/main/packages/plugin-react#consistent-components-exports
[2m3:28:10 PM[22m [36m[1m[vite][22m[39m [32mhmr update [39m[2m/src/Shell.tsx, /src/pages/Transfers.tsx, /src/pages/Settings.tsx, /src/pages/Labels.tsx, /src/pages/Purchases.tsx, /src/pages/Tasks.tsx, /src/pages/Counts.tsx, /src/pages/Sync.tsx, /src/pages/Inventory.tsx, /src/pages/Parties.tsx, /src/pages/Dashboard.tsx, /src/pages/Ledger.tsx, /src/pages/Pos.tsx[22m
[2m3:28:19 PM[22m [36m[1m[vite][22m[39m [32mhmr update [39m[2m/src/ui.tsx[22m
[2m3:28:20 PM[22m [36m[1m[vite][22m[39m [33mhmr invalidate [39m[2m/src/ui.tsx[22m Could not Fast Refresh (new export)
[2m3:28:20 PM[22m [36m[1m[vite][22m[39m [32mhmr update [39m[2m/src/Shell.tsx, /src/pages/Transfers.tsx, /src/pages/Settings.tsx, /src/pages/Labels.tsx, /src/pages/Purchases.tsx, /src/pages/Tasks.tsx, /src/pages/Counts.tsx, /src/pages/Sync.tsx, /src/pages/Inventory.tsx, /src/pages/Parties.tsx, /src/pages/Dashboard.tsx, /src/pages/Ledger.tsx, /src/pages/Pos.tsx[22m
[2m3:28:25 PM[22m [36m[1m[vite][22m[39m [32mhmr update [39m[2m/src/ui.tsx[22m
[2m3:28:26 PM[22m [36m[1m[vite][22m[39m [33mhmr invalidate [39m[2m/src/ui.tsx[22m Could not Fast Refresh (new export)
[2m3:28:26 PM[22m [36m[1m[vite][22m[39m [32mhmr update [39m[2m/src/Shell.tsx, /src/pages/Transfers.tsx, /src/pages/Settings.tsx, /src/pages/Labels.tsx, /src/pages/Purchases.tsx, /src/pages/Tasks.tsx, /src/pages/Counts.tsx, /src/pages/Sync.tsx, /src/pages/Inventory.tsx, /src/pages/Parties.tsx, /src/pages/Dashboard.tsx, /src/pages/Ledger.tsx, /src/pages/Pos.tsx[22m
[2m3:28:35 PM[22m [36m[1m[vite][22m[39m [32mhmr update [39m[2m/src/pages/Inventory.tsx[22m
[2m3:28:42 PM[22m [36m[1m[vite][22m[39m [32mhmr update [39m[2m/src/pages/Inventory.tsx[22m
[2m3:28:50 PM[22m [36m[1m[vite][22m[39m [32mhmr update [39m[2m/src/pages/Pos.tsx[22m
[2m3:28:54 PM[22m [36m[1m[vite][22m[39m [32mhmr update [39m[2m/src/pages/Inventory.tsx[22m

> medad-cash@0.1.0 dev:web
> npm run dev -w apps/web


> @medad/web@0.1.0 dev
> vite --port 5173 --strictPort --host 127.0.0.1

Re-optimizing dependencies because lockfile has changed

  [32m[1mVITE[22m v5.4.21[39m  [2mready in [0m[1m1549[22m[2m[0m ms[22m

  [32m➜[39m  [1mLocal[22m:   [36mhttp://127.0.0.1:[1m5173[22m/[39m
[2m[32m  ➜[39m[22m[2m  press [22m[1mh + enter[22m[2m to show help[22m
